14. Printing statistics.

=== alu ===

   Number of wires:                251
   Number of wire bits:            277
   Number of public wires:           9
   Number of public wire bits:      35
   Number of memories:               0
   Number of memory bits:            0
   Number of processes:              0
   Number of cells:                253
     $_ANDNOT_                      91
     $_AND_                          9
     $_MUX_                         10
     $_NAND_                         4
     $_NOR_                         27
     $_NOT_                          6
     $_ORNOT_                       10
     $_OR_                          72
     $_XNOR_                        11
     $_XOR_                         13

=== computer ===

   Number of wires:                 24
   Number of wire bits:            131
   Number of public wires:          24
   Number of public wire bits:     131
   Number of memories:               0
   Number of memory bits:            0
   Number of processes:              0
   Number of cells:                 11
     alu                             1
     control_unit                    1
     data_memory                     1
     instruction_memory              1
     mux2                            1
     mux4                            2
     pc                              1
     register                        2
     status                          1

=== control_unit ===

   Number of wires:                416
   Number of wire bits:            433
   Number of public wires:          18
   Number of public wire bits:      35
   Number of memories:               0
   Number of memory bits:            0
   Number of processes:              0
   Number of cells:                410
     $_ANDNOT_                      97
     $_AND_                         12
     $_MUX_                          1
     $_NAND_                         5
     $_NOR_                         21
     $_NOT_                          2
     $_ORNOT_                       14
     $_OR_                         258

=== data_memory ===

   Number of wires:               2853
   Number of wire bits:           4666
   Number of public wires:         261
   Number of public wire bits:    2074
   Number of memories:               0
   Number of memory bits:            0
   Number of processes:              0
   Number of cells:               4648
     $_ANDNOT_                     256
     $_DFFE_PP_                   2048
     $_MUX_                       2040
     $_NAND_                         4
     $_ORNOT_                        8
     $_OR_                         292

=== instruction_memory ===

   Number of wires:                  2
   Number of wire bits:             23
   Number of public wires:           2
   Number of public wire bits:      23
   Number of memories:               0
   Number of memory bits:            0
   Number of processes:              0
   Number of cells:                  0

=== mux2 ===

   Number of wires:                  4
   Number of wire bits:             25
   Number of public wires:           4
   Number of public wire bits:      25
   Number of memories:               0
   Number of memory bits:            0
   Number of processes:              0
   Number of cells:                  8
     $_MUX_                          8

=== mux4 ===

   Number of wires:                 50
   Number of wire bits:             86
   Number of public wires:           6
   Number of public wire bits:      42
   Number of memories:               0
   Number of memory bits:            0
   Number of processes:              0
   Number of cells:                 52
     $_ANDNOT_                      24
     $_MUX_                          8
     $_NAND_                         1
     $_NOR_                          1
     $_ORNOT_                        2
     $_OR_                          16

=== pc ===

   Number of wires:                 21
   Number of wire bits:             42
   Number of public wires:           4
   Number of public wire bits:      18
   Number of memories:               0
   Number of memory bits:            0
   Number of processes:              0
   Number of cells:                 32
     $_ANDNOT_                       3
     $_DFF_P_                        8
     $_MUX_                          8
     $_NAND_                         3
     $_NOT_                          1
     $_OR_                           2
     $_XNOR_                         3
     $_XOR_                          4

=== register ===

   Number of wires:                  4
   Number of wire bits:             18
   Number of public wires:           4
   Number of public wire bits:      18
   Number of memories:               0
   Number of memory bits:            0
   Number of processes:              0
   Number of cells:                  8
     $_DFFE_PP_                      8

=== status ===

   Number of wires:                  3
   Number of wire bits:              9
   Number of public wires:           3
   Number of public wire bits:       9
   Number of memories:               0
   Number of memory bits:            0
   Number of processes:              0
   Number of cells:                  4
     $_DFF_P_                        4

